\BOOKMARK [1][-]{section.1}{\376\377\000G\000L\000M\000-\0005\000.\0001\000\040\152\041\127\213\151\202\217\360}{}% 1
\BOOKMARK [2][-]{subsection.1.1}{\376\377\127\372\147\054\117\341\140\157}{section.1}% 2
\BOOKMARK [2][-]{subsection.1.2}{\376\377\147\266\147\204\162\171\160\271\377\032\000M\000o\000E\000\040\000+\000\040\000D\000S\000A}{section.1}% 3
\BOOKMARK [2][-]{subsection.1.3}{\376\377\140\047\200\375\133\232\117\115}{section.1}% 4
\BOOKMARK [2][-]{subsection.1.4}{\376\377\116\016\172\336\124\301\152\041\127\213\166\204\123\302\145\160\133\371\153\324}{section.1}% 5
\BOOKMARK [1][-]{section.2}{\376\377\170\154\116\366\227\000\154\102\122\006\147\220}{}% 6
\BOOKMARK [2][-]{subsection.2.1}{\376\377\146\076\133\130\227\000\154\102\166\204\164\006\213\272\213\241\173\227}{section.2}% 7
\BOOKMARK [3][-]{subsubsection.2.1.1}{\376\377\147\103\221\315\220\350\122\006\166\204\146\076\133\130\123\140\165\050}{subsection.2.1}% 8
\BOOKMARK [3][-]{subsubsection.2.1.2}{\376\377\133\214\145\164\146\076\133\130\215\046\123\125\377\010\143\250\164\006\145\366\377\011}{subsection.2.1}% 9
\BOOKMARK [2][-]{subsection.2.2}{\376\377\000G\000P\000U\000\040\220\011\127\213\122\006\147\220}{section.2}% 10
\BOOKMARK [3][-]{subsubsection.2.2.1}{\376\377\120\031\220\011\000\040\000G\000P\000U\000\040\211\304\150\074\133\371\153\324}{subsection.2.2}% 11
\BOOKMARK [3][-]{subsubsection.2.2.2}{\376\377\146\076\133\130\133\271\221\317\176\246\147\137\122\006\147\220}{subsection.2.2}% 12
\BOOKMARK [2][-]{subsection.2.3}{\376\377\221\317\123\026\116\016\146\076\133\130\166\204\174\276\170\156\133\371\136\224\121\163\174\373}{section.2}% 13
\BOOKMARK [1][-]{section.3}{\376\377\220\350\177\162\145\271\150\110\213\346\147\220}{}% 14
\BOOKMARK [2][-]{subsection.3.1}{\376\377\145\271\150\110\000\040\000A\377\032\117\001\116\032\176\247\121\150\174\276\136\246\220\350\177\162\377\010\000B\000F\0001\0006\000\040\000+\000\040\0008\000H\0002\0000\0000\000/\000H\0001\0000\0000\377\011}{section.3}% 15
\BOOKMARK [2][-]{subsection.3.2}{\376\377\145\271\150\110\000\040\000B\377\032\133\230\145\271\000\040\000F\000P\0008\000\040\221\317\123\026\220\350\177\162\377\010\0008\000H\0001\0000\0000\000/\000A\0001\0000\0000\377\011}{section.3}% 16
\BOOKMARK [2][-]{subsection.3.3}{\376\377\145\271\150\110\000\040\000C\377\032\000G\000G\000U\000F\000\040\221\317\123\026\145\271\150\110\377\010\000Q\0004\000\137\000K\000\137\000M\000\040\000+\000\040\000l\000l\000a\000m\000a\000.\000c\000p\000p\000/\000O\000l\000l\000a\000m\000a\377\011}{section.3}% 17
\BOOKMARK [2][-]{subsection.3.4}{\376\377\145\271\150\110\000\040\000D\377\032\000N\000V\000F\000P\0004\000\040\000/\000\040\000M\000X\000F\000P\0004\000\040\145\260\174\276\136\246\150\074\137\017}{section.3}% 18
\BOOKMARK [2][-]{subsection.3.5}{\376\377\145\271\150\110\000\040\000E\377\032\000A\000p\000p\000l\000e\000\040\000S\000i\000l\000i\000c\000o\000n\000\040\145\271\150\110\377\010\000M\000L\000X\000\040\221\317\123\026\377\011}{section.3}% 19
\BOOKMARK [2][-]{subsection.3.6}{\376\377\145\271\150\110\000\040\000F\377\032\116\221\147\015\122\241\145\271\150\110}{section.3}% 20
\BOOKMARK [1][-]{section.4}{\376\377\143\250\164\006\150\106\147\266\220\011\127\213}{}% 21
\BOOKMARK [2][-]{subsection.4.1}{\376\377\150\106\147\266\200\375\122\233\167\351\226\065}{section.4}% 22
\BOOKMARK [2][-]{subsection.4.2}{\376\377\000v\000L\000L\000M\377\010\133\230\145\271\231\226\143\250\377\011}{section.4}% 23
\BOOKMARK [2][-]{subsection.4.3}{\376\377\000S\000G\000L\000a\000n\000g}{section.4}% 24
\BOOKMARK [2][-]{subsection.4.4}{\376\377\000l\000l\000a\000m\000a\000.\000c\000p\000p\000\040\000/\000\040\000O\000l\000l\000a\000m\000a}{section.4}% 25
\BOOKMARK [2][-]{subsection.4.5}{\376\377\000K\000T\000r\000a\000n\000s\000f\000o\000r\000m\000e\000r\000s\377\010\137\002\147\204\213\241\173\227\145\271\150\110\377\011}{section.4}% 26
\BOOKMARK [2][-]{subsection.4.6}{\376\377\000x\000L\000L\000M\377\010\123\116\116\072\146\007\201\176\145\271\150\110\377\011}{section.4}% 27
\BOOKMARK [1][-]{section.5}{\376\377\142\020\147\054\230\204\117\060}{}% 28
\BOOKMARK [2][-]{subsection.5.1}{\376\377\170\154\116\366\221\307\215\055\142\020\147\054}{section.5}% 29
\BOOKMARK [2][-]{subsection.5.2}{\376\377\116\221\147\015\122\241\142\020\147\054\133\371\153\324}{section.5}% 30
\BOOKMARK [3][-]{subsubsection.5.2.1}{\376\377\143\011\227\000\133\236\117\213\000\040\000T\000C\000O\000\040\122\006\147\220}{subsection.5.2}% 31
\BOOKMARK [3][-]{subsubsection.5.2.2}{\376\377\000A\000P\000I\000\040\214\003\165\050\142\020\147\054}{subsection.5.2}% 32
\BOOKMARK [3][-]{subsubsection.5.2.3}{\376\377\201\352\147\011\170\154\116\366\000\040\000v\000s\000\040\116\221\147\015\122\241\166\204\166\310\116\217\136\163\210\141\160\271}{subsection.5.2}% 33
\BOOKMARK [2][-]{subsection.5.3}{\376\377\165\065\122\233\116\016\217\320\176\364\142\020\147\054}{section.5}% 34
\BOOKMARK [1][-]{section.6}{\376\377\140\047\200\375\230\204\147\037\116\016\133\236\155\113\122\006\147\220}{}% 35
\BOOKMARK [2][-]{subsection.6.1}{\376\377\124\004\145\271\150\110\164\006\213\272\124\036\124\020\221\317\117\060\173\227}{section.6}% 36
\BOOKMARK [2][-]{subsection.6.2}{\376\377\116\012\116\013\145\207\225\177\136\246\133\371\146\076\133\130\166\204\137\161\124\315}{section.6}% 37
\BOOKMARK [2][-]{subsection.6.3}{\376\377\136\166\123\321\200\375\122\233\213\304\117\060}{section.6}% 38
\BOOKMARK [1][-]{section.7}{\376\377\143\250\203\120\145\271\150\110\167\351\226\065}{}% 39
\BOOKMARK [2][-]{subsection.7.1}{\376\377\143\011\127\072\146\157\143\250\203\120}{section.7}% 40
\BOOKMARK [2][-]{subsection.7.2}{\376\377\121\263\173\126\155\101\172\013\126\376}{section.7}% 41
\BOOKMARK [2][-]{subsection.7.3}{\376\377\147\000\176\310\136\372\213\256}{section.7}% 42
