\BOOKMARK [1][-]{section.1}{\376\377\000L\000L\000M\000\040\147\054\127\060\220\350\177\162\166\204\136\225\134\102\123\237\164\006}{}% 1
\BOOKMARK [2][-]{subsection.1.1}{\376\377\000L\000L\000M\000\040\143\250\164\006\174\373\176\337\166\204\127\372\147\054\176\304\142\020}{section.1}% 2
\BOOKMARK [3][-]{subsubsection.1.1.1}{\376\377\152\041\127\213\147\103\221\315\377\010\000M\000o\000d\000e\000l\000\040\000W\000e\000i\000g\000h\000t\000s\377\011}{subsection.1.1}% 3
\BOOKMARK [3][-]{subsubsection.1.1.2}{\376\377\000T\000o\000k\000e\000n\000i\000z\000e\000r}{subsection.1.1}% 4
\BOOKMARK [3][-]{subsubsection.1.1.3}{\376\377\000K\000V\000\040\000C\000a\000c\000h\000e}{subsection.1.1}% 5
\BOOKMARK [3][-]{subsubsection.1.1.4}{\376\377\000C\000o\000n\000t\000e\000x\000t\000\040\000W\000i\000n\000d\000o\000w\377\010\116\012\116\013\145\207\172\227\123\343\377\011}{subsection.1.1}% 6
\BOOKMARK [3][-]{subsubsection.1.1.5}{\376\377\000E\000m\000b\000e\000d\000d\000i\000n\000g}{subsection.1.1}% 7
\BOOKMARK [3][-]{subsubsection.1.1.6}{\376\377\000A\000t\000t\000e\000n\000t\000i\000o\000n\000\040\147\072\122\066}{subsection.1.1}% 8
\BOOKMARK [3][-]{subsubsection.1.1.7}{\376\377\143\250\164\006\150\106\147\266}{subsection.1.1}% 9
\BOOKMARK [3][-]{subsubsection.1.1.8}{\376\377\000P\000r\000e\000f\000i\000l\000l\000\040\116\016\000\040\000D\000e\000c\000o\000d\000e\377\032\143\250\164\006\166\204\116\044\116\052\226\066\153\265}{subsection.1.1}% 10
\BOOKMARK [2][-]{subsection.1.2}{\376\377\000G\000P\000U\000\040\146\076\133\130\122\060\136\225\127\050\133\130\116\300\116\110}{section.1}% 11
\BOOKMARK [2][-]{subsection.1.3}{\376\377\221\317\123\026\377\010\000Q\000u\000a\000n\000t\000i\000z\000a\000t\000i\000o\000n\377\011\166\204\147\054\215\050}{section.1}% 12
\BOOKMARK [3][-]{subsubsection.1.3.1}{\376\377\136\070\211\301\174\276\136\246\150\074\137\017}{subsection.1.3}% 13
\BOOKMARK [3][-]{subsubsection.1.3.2}{\376\377\221\317\123\026\133\371\116\343\170\001\165\037\142\020\166\204\162\171\153\212\230\316\226\151}{subsection.1.3}% 14
\BOOKMARK [3][-]{subsubsection.1.3.3}{\376\377\221\317\123\026\133\371\146\076\133\130\166\204\133\236\226\105\137\161\124\315}{subsection.1.3}% 15
\BOOKMARK [2][-]{subsection.1.4}{\376\377\116\072\116\300\116\110\000\040\000P\000r\000o\000m\000p\000t\000\040\215\212\225\177\215\212\141\142}{section.1}% 16
\BOOKMARK [3][-]{subsubsection.1.4.1}{\376\377\173\054\116\000\134\102\377\032\000P\000r\000e\000f\000i\000l\000l\000\040\226\066\153\265}{subsection.1.4}% 17
\BOOKMARK [3][-]{subsubsection.1.4.2}{\376\377\173\054\116\214\134\102\377\032\000D\000e\000c\000o\000d\000e\000\040\226\066\153\265}{subsection.1.4}% 18
\BOOKMARK [3][-]{subsubsection.1.4.3}{\376\377\173\054\116\011\134\102\377\032\000A\000t\000t\000e\000n\000t\000i\000o\000n\000\040\166\204\116\214\153\041\145\271\131\015\147\102\136\246}{subsection.1.4}% 19
\BOOKMARK [2][-]{subsection.1.5}{\376\377\143\250\164\006\164\366\230\210\122\006\147\220}{section.1}% 20
\BOOKMARK [3][-]{subsubsection.1.5.1}{\376\377\173\227\122\233\000\040\000v\000s\000.\000\040\146\076\133\130\136\046\133\275}{subsection.1.5}% 21
\BOOKMARK [3][-]{subsubsection.1.5.2}{\376\377\000C\000P\000U\000-\000O\000n\000l\000y\000\040\116\072\116\300\116\110\141\142}{subsection.1.5}% 22
\BOOKMARK [3][-]{subsubsection.1.5.3}{\376\377\000A\000p\000p\000l\000e\000\040\000S\000i\000l\000i\000c\000o\000n\000\040\116\072\116\300\116\110\220\002\124\010\116\052\116\272\000\040\000L\000L\000M}{subsection.1.5}% 23
\BOOKMARK [3][-]{subsubsection.1.5.4}{\376\377\117\001\116\032\176\247\000\040\000G\000P\000U\000\040\000v\000s\000.\000\040\155\210\215\071\176\247\000\040\000G\000P\000U}{subsection.1.5}% 24
\BOOKMARK [2][-]{subsection.1.6}{\376\377\200\375\215\321\000\040\000v\000s\000.\000\040\131\175\165\050\377\032\135\345\172\013\236\077\154\237}{section.1}% 25
\BOOKMARK [1][-]{section.2}{\376\377\116\073\155\101\147\054\127\060\220\350\177\162\145\271\150\110\214\003\170\024}{}% 26
\BOOKMARK [2][-]{subsection.2.1}{\376\377\152\041\127\213\220\011\127\213\122\006\147\220}{section.2}% 27
\BOOKMARK [3][-]{subsubsection.2.1.1}{\376\377\000L\000l\000a\000m\000a\000\040\174\373\122\027\377\010\000M\000e\000t\000a\377\011}{subsection.2.1}% 28
\BOOKMARK [3][-]{subsubsection.2.1.2}{\376\377\000Q\000w\000e\000n\000\040\174\373\122\027\377\010\226\077\221\314\377\011}{subsection.2.1}% 29
\BOOKMARK [3][-]{subsubsection.2.1.3}{\376\377\000D\000e\000e\000p\000S\000e\000e\000k\000\040\174\373\122\027\377\010\000D\000e\000e\000p\000S\000e\000e\000k\377\011}{subsection.2.1}% 30
\BOOKMARK [3][-]{subsubsection.2.1.4}{\376\377\000M\000i\000s\000t\000r\000a\000l\000\040\000/\000\040\000M\000i\000x\000t\000r\000a\000l\000\040\000/\000\040\000C\000o\000d\000e\000s\000t\000r\000a\000l}{subsection.2.1}% 31
\BOOKMARK [3][-]{subsubsection.2.1.5}{\376\377\000C\000o\000d\000e\000L\000l\000a\000m\000a\000\040\000/\000\040\000S\000t\000a\000r\000C\000o\000d\000e\000r\000\040\000/\000\040\000D\000e\000e\000p\000S\000e\000e\000k\000-\000C\000o\000d\000e\000r}{subsection.2.1}% 32
\BOOKMARK [3][-]{subsubsection.2.1.6}{\376\377\000G\000e\000m\000m\000a\000\040\174\373\122\027\377\010\000G\000o\000o\000g\000l\000e\377\011}{subsection.2.1}% 33
\BOOKMARK [3][-]{subsubsection.2.1.7}{\376\377\152\041\127\213\143\250\203\120\167\351\226\065}{subsection.2.1}% 34
\BOOKMARK [2][-]{subsection.2.2}{\376\377\143\250\164\006\150\106\147\266\121\150\227\142\133\371\153\324}{section.2}% 35
\BOOKMARK [3][-]{subsubsection.2.2.1}{\376\377\000O\000l\000l\000a\000m\000a}{subsection.2.2}% 36
\BOOKMARK [3][-]{subsubsection.2.2.2}{\376\377\000l\000l\000a\000m\000a\000.\000c\000p\000p}{subsection.2.2}% 37
\BOOKMARK [3][-]{subsubsection.2.2.3}{\376\377\000v\000L\000L\000M}{subsection.2.2}% 38
\BOOKMARK [3][-]{subsubsection.2.2.4}{\376\377\000S\000G\000L\000a\000n\000g}{subsection.2.2}% 39
\BOOKMARK [3][-]{subsubsection.2.2.5}{\376\377\000T\000e\000n\000s\000o\000r\000R\000T\000-\000L\000L\000M\377\010\000N\000V\000I\000D\000I\000A\377\011}{subsection.2.2}% 40
\BOOKMARK [3][-]{subsubsection.2.2.6}{\376\377\000H\000u\000g\000g\000i\000n\000g\000F\000a\000c\000e\000\040\000T\000G\000I\377\010\000T\000e\000x\000t\000\040\000G\000e\000n\000e\000r\000a\000t\000i\000o\000n\000\040\000I\000n\000f\000e\000r\000e\000n\000c\000e\377\011}{subsection.2.2}% 41
\BOOKMARK [3][-]{subsubsection.2.2.7}{\376\377\000L\000M\000\040\000S\000t\000u\000d\000i\000o\000\040\000/\000\040\000O\000p\000e\000n\000\040\000W\000e\000b\000U\000I\000\040\000/\000\040\000A\000n\000y\000t\000h\000i\000n\000g\000L\000L\000M\000\040\000/\000\040\000t\000e\000x\000t\000-\000g\000e\000n\000e\000r\000a\000t\000i\000o\000n\000-\000w\000e\000b\000u\000i}{subsection.2.2}% 42
\BOOKMARK [3][-]{subsubsection.2.2.8}{\376\377\150\106\147\266\143\250\203\120\167\351\226\065}{subsection.2.2}% 43
\BOOKMARK [1][-]{section.3}{\376\377\131\202\147\234\123\352\146\057\232\214\213\301\123\357\210\114\140\047\377\014\147\000\117\116\215\104\156\220\227\000\211\201\131\032\134\021\377\037}{}% 44
\BOOKMARK [2][-]{subsection.3.1}{\376\377\122\006\154\064\134\255\377\032\200\375\124\057\122\250\000\040\000v\000s\000.\000\040\200\375\165\050}{section.3}% 45
\BOOKMARK [2][-]{subsection.3.2}{\376\377\000P\000o\000C\000\040\166\204\116\011\116\052\134\102\153\041}{section.3}% 46
\BOOKMARK [3][-]{subsubsection.3.2.1}{\376\377\134\102\153\041\116\000\377\032\226\366\142\020\147\054\117\123\232\214\377\010\0000\000\040\121\103\377\014\0000\000\040\131\051\377\011}{subsection.3.2}% 47
\BOOKMARK [3][-]{subsubsection.3.2.2}{\376\377\134\102\153\041\116\214\377\032\117\116\142\020\147\054\000\040\000P\000o\000C\377\010\176\246\000\040\000\245\0001\0005\000K\377\014\0001\040\023\0002\000\040\131\051\377\011}{subsection.3.2}% 48
\BOOKMARK [3][-]{subsubsection.3.2.3}{\376\377\134\102\153\041\116\011\377\032\121\306\165\037\116\247\000\040\000P\000o\000C\377\010\176\246\000\040\000\245\0006\0000\000K\040\023\000\245\0001\0002\0000\000K\377\014\0001\040\023\0002\000\040\124\150\377\011}{subsection.3.2}% 49
\BOOKMARK [2][-]{subsection.3.3}{\376\377\000M\000a\000c\000\040\000m\000i\000n\000i\000\040\146\057\124\046\131\037\377\037}{section.3}% 50
\BOOKMARK [2][-]{subsection.3.4}{\376\377\116\214\142\113\147\015\122\241\126\150\146\057\124\046\120\074\137\227\377\037}{section.3}% 51
\BOOKMARK [2][-]{subsection.3.5}{\376\377\000P\000o\000C\000\040\226\066\153\265\166\204\122\237\200\027\116\016\142\020\147\054}{section.3}% 52
\BOOKMARK [1][-]{section.4}{\376\377\000I\000C\000\040\213\276\213\241\127\072\146\157\116\055\166\204\167\037\133\236\204\075\127\060\145\271\137\017}{}% 53
\BOOKMARK [2][-]{subsection.4.1}{\376\377\152\041\142\337\000\040\000I\000C\000\040\213\276\213\241\127\072\146\157}{section.4}% 54
\BOOKMARK [3][-]{subsubsection.4.1.1}{\376\377\165\065\215\357\226\005\213\373\116\016\164\006\211\343}{subsection.4.1}% 55
\BOOKMARK [3][-]{subsubsection.4.1.2}{\376\377\000B\000a\000n\000d\000g\000a\000p\000\040\000/\000\040\000P\000L\000L\000\040\000/\000\040\000A\000D\000C\000/\000D\000A\000C\000\040\000/\000\040\000S\000e\000r\000D\000e\000s\000\040\213\276\213\241}{subsection.4.1}% 56
\BOOKMARK [3][-]{subsubsection.4.1.3}{\376\377\116\377\167\037\201\032\147\054\116\016\135\345\121\167\224\376}{subsection.4.1}% 57
\BOOKMARK [2][-]{subsection.4.2}{\376\377\145\160\133\127\000\040\000I\000C\000\040\213\276\213\241\127\072\146\157}{section.4}% 58
\BOOKMARK [3][-]{subsubsection.4.2.1}{\376\377\000R\000T\000L\000\040\116\343\170\001\165\037\142\020\116\016\226\005\213\373}{subsection.4.2}% 59
\BOOKMARK [3][-]{subsubsection.4.2.2}{\376\377\000S\000y\000s\000t\000e\000m\000V\000e\000r\000i\000l\000o\000g\000\040\000/\000\040\000U\000V\000M\000\040\232\214\213\301}{subsection.4.2}% 60
\BOOKMARK [3][-]{subsubsection.4.2.3}{\376\377\000S\000T\000A\000\040\000/\000\040\000C\000D\000C\000\040\000/\000\040\000D\000F\000T}{subsection.4.2}% 61
\BOOKMARK [3][-]{subsubsection.4.2.4}{\376\377\000F\000P\000G\000A\000\040\123\237\127\213\232\214\213\301}{subsection.4.2}% 62
\BOOKMARK [2][-]{subsection.4.3}{\376\377\217\157\116\366\000/\127\372\170\100\213\276\145\275\127\072\146\157}{section.4}% 63
\BOOKMARK [3][-]{subsubsection.4.3.1}{\376\377\000L\000i\000n\000u\000x\000\040\217\320\176\364\116\016\000\040\000D\000e\000v\000O\000p\000s}{subsection.4.3}% 64
\BOOKMARK [3][-]{subsubsection.4.3.2}{\376\377\116\377\167\037\116\373\122\241\214\003\136\246}{subsection.4.3}% 65
\BOOKMARK [3][-]{subsubsection.4.3.3}{\376\377\000E\000D\000A\000\040\127\372\170\100\213\276\145\275\201\352\122\250\123\026\217\320\176\364\040\024\040\024\147\201\146\023\210\253\137\375\211\306\166\204\232\330\116\367\120\074\230\206\127\337}{subsection.4.3}% 66
\BOOKMARK [2][-]{subsection.4.4}{\376\377\000R\000A\000G\377\010\150\300\175\042\130\236\137\072\165\037\142\020\377\011\127\050\000\040\000I\000C\000\040\121\154\123\370\116\055\166\204\116\367\120\074}{section.4}% 67
\BOOKMARK [3][-]{subsubsection.4.4.1}{\376\377\116\072\116\300\116\110\000\040\000R\000A\000G\000\040\133\371\117\001\116\032\162\171\122\053\221\315\211\201}{subsection.4.4}% 68
\BOOKMARK [3][-]{subsubsection.4.4.2}{\376\377\116\072\116\300\116\110\000"\116\305\227\140\152\041\127\213\123\302\145\160\213\260\137\306\000"\116\015\123\357\227\140}{subsection.4.4}% 69
\BOOKMARK [3][-]{subsubsection.4.4.3}{\376\377\124\021\221\317\145\160\143\156\136\223\166\204\135\345\117\134\123\237\164\006}{subsection.4.4}% 70
\BOOKMARK [3][-]{subsubsection.4.4.4}{\376\377\000E\000m\000b\000e\000d\000d\000i\000n\000g\000\040\166\204\147\054\215\050}{subsection.4.4}% 71
\BOOKMARK [3][-]{subsubsection.4.4.5}{\376\377\000C\000h\000u\000n\000k\000i\000n\000g\000\040\116\072\116\300\116\110\221\315\211\201}{subsection.4.4}% 72
\BOOKMARK [3][-]{subsubsection.4.4.6}{\376\377\124\021\221\317\145\160\143\156\136\223\145\271\150\110\133\371\153\324}{subsection.4.4}% 73
\BOOKMARK [1][-]{section.5}{\376\377\000A\000g\000e\000n\000t\000\040\127\050\000\040\000I\000C\000\040\213\276\213\241\116\055\166\204\123\357\200\375\140\047}{}% 74
\BOOKMARK [2][-]{subsection.5.1}{\376\377\116\300\116\110\146\057\000\040\000A\000I\000\040\000A\000g\000e\000n\000t}{section.5}% 75
\BOOKMARK [2][-]{subsection.5.2}{\376\377\137\123\122\115\000\040\000A\000g\000e\000n\000t\000\040\166\204\150\070\137\303\200\375\122\233}{section.5}% 76
\BOOKMARK [3][-]{subsubsection.5.2.1}{\376\377\000T\000o\000o\000l\000\040\000C\000a\000l\000l\000i\000n\000g\000\040\000/\000\040\000F\000u\000n\000c\000t\000i\000o\000n\000\040\000C\000a\000l\000l\000i\000n\000g}{subsection.5.2}% 77
\BOOKMARK [3][-]{subsubsection.5.2.2}{\376\377\000M\000C\000P\377\010\000M\000o\000d\000e\000l\000\040\000C\000o\000n\000t\000e\000x\000t\000\040\000P\000r\000o\000t\000o\000c\000o\000l\377\011}{subsection.5.2}% 78
\BOOKMARK [3][-]{subsubsection.5.2.3}{\376\377\000W\000o\000r\000k\000f\000l\000o\000w\000\040\000E\000n\000g\000i\000n\000e}{subsection.5.2}% 79
\BOOKMARK [2][-]{subsection.5.3}{\376\377\116\072\116\300\116\110\137\123\122\115\000\040\000A\000g\000e\000n\000t\000\040\137\210\133\271\146\023\131\061\143\247}{section.5}% 80
\BOOKMARK [2][-]{subsection.5.4}{\376\377\000E\000D\000A\000\040\127\072\146\157\227\000\211\201\137\072\176\246\147\137}{section.5}% 81
\BOOKMARK [2][-]{subsection.5.5}{\376\377\000D\000e\000t\000e\000r\000m\000i\000n\000i\000s\000t\000i\000c\000\040\000W\000o\000r\000k\000f\000l\000o\000w\000\040\166\204\221\315\211\201\140\047}{section.5}% 82
\BOOKMARK [2][-]{subsection.5.6}{\376\377\137\123\122\115\123\357\210\114\166\204\000\040\000A\000g\000e\000n\000t\000\040\136\224\165\050\127\072\146\157}{section.5}% 83
\BOOKMARK [1][-]{section.6}{\376\377\147\000\176\310\136\372\213\256\145\271\150\110}{}% 84
\BOOKMARK [2][-]{subsection.6.1}{\376\377\145\271\150\110\000\040\000A\377\032\147\000\117\116\142\020\147\054\000\040\000P\000o\000C\000\040\145\271\150\110\377\010\000\245\0002\0005\000K\040\023\000\245\0003\0005\000K\377\011}{section.6}% 85
\BOOKMARK [2][-]{subsection.6.2}{\376\377\145\271\150\110\000\040\000B\377\032\122\035\122\033\121\154\123\370\143\250\203\120\145\271\150\110\377\010\000\245\0006\0000\000K\040\023\000\245\0001\0000\0000\000K\377\011}{section.6}% 86
\BOOKMARK [2][-]{subsection.6.3}{\376\377\145\271\150\110\000\040\000C\377\032\225\177\147\037\117\001\116\032\123\026\157\024\217\333\145\271\150\110\377\010\147\052\147\145\000\040\0001\040\023\0003\000\040\136\164\377\011}{section.6}% 87
\BOOKMARK [2][-]{subsection.6.4}{\376\377\121\163\225\056\121\263\173\126\377\032\116\160\170\154\116\366\000\040\000v\000s\000.\000\040\165\050\116\221}{section.6}% 88
\BOOKMARK [2][-]{subsection.6.5}{\376\377\124\352\116\233\145\271\124\021\147\000\120\074\137\227\142\225\121\145\377\010\117\030\121\110\176\247\143\222\136\217\377\011}{section.6}% 89
\BOOKMARK [2][-]{subsection.6.6}{\376\377\124\352\116\233\145\271\124\021\163\260\127\050\123\352\146\057\000"\000A\000I\000\040\136\173\211\311\000"}{section.6}% 90
\BOOKMARK [2][-]{subsection.6.7}{\376\377\147\052\147\145\000\040\0003\040\023\0005\000\040\136\164\123\357\200\375\142\020\161\237\166\204\200\375\122\233}{section.6}% 91
\BOOKMARK [2][-]{subsection.6.8}{\376\377\133\371\000\040\000I\000C\000\040\121\154\123\370\200\014\212\000\377\014\147\000\121\163\225\056\166\204\172\336\116\211\130\301\127\222\122\060\136\225\146\057\116\300\116\110}{section.6}% 92
\BOOKMARK [2][-]{subsection.6.9}{\376\377\140\073\176\323\116\016\150\070\137\303\172\336\116\211\130\301\127\222\166\204\221\315\147\204\140\035\200\003}{section.6}% 93
\BOOKMARK [3][-]{subsubsection.6.9.1}{\376\377\137\123\122\115\147\000\146\016\170\156\166\204\142\225\215\104\145\271\124\021}{subsection.6.9}% 94
\BOOKMARK [3][-]{subsubsection.6.9.2}{\376\377\137\305\230\173\213\146\140\325\166\204\000\040\000A\000I\000\040\136\173\211\311\171\201\123\072}{subsection.6.9}% 95
\BOOKMARK [3][-]{subsubsection.6.9.3}{\376\377\147\052\147\145\000\040\0003\040\023\0005\000\040\136\164\166\204\167\037\153\143\172\201\170\064\160\271}{subsection.6.9}% 96
\BOOKMARK [3][-]{subsubsection.6.9.4}{\376\377\167\037\153\143\166\204\142\244\127\316\154\263}{subsection.6.9}% 97
\BOOKMARK [2][-]{subsection.6.10}{\376\377\147\000\124\016\166\204\213\335}{section.6}% 98
