\BOOKMARK [1][-]{section.0.1}{\376\377\117\356\213\242\123\206\123\362}{}% 1
\BOOKMARK [0][-]{chapter.1}{\376\377\000R\000o\000a\000d\000m\000a\000p\000\040\000o\000f\000\040\000L\000i\000n\000u\000x\000\040\000K\000e\000r\000n\000e\000l}{}% 2
\BOOKMARK [1][-]{section.1.1}{\376\377\174\373\176\337\117\177\165\050\116\016\173\241\164\006}{chapter.1}% 3
\BOOKMARK [2][-]{subsection.1.1.1}{\376\377\217\333\172\013\116\016\147\015\122\241\173\241\164\006}{section.1.1}% 4
\BOOKMARK [0][-]{chapter.2}{\376\377\000N\000i\000x\123\005\173\241\164\006}{}% 5
\BOOKMARK [0][-]{chapter.3}{\376\377\000I\000C\213\276\213\241\166\370\121\163\167\345\213\306\171\357\175\057}{}% 6
\BOOKMARK [1][-]{section.3.1}{\376\377\116\000\116\233\146\023\165\050\213\276\177\156}{chapter.3}% 7
\BOOKMARK [0][-]{chapter.4}{\376\377\000I\000n\000f\000i\000n\000i\000B\000a\000n\000d\000\040\116\313\176\315}{}% 8
\BOOKMARK [1][-]{section.4.1}{\376\377\123\321\134\125\123\206\172\013}{chapter.4}% 9
\BOOKMARK [1][-]{section.4.2}{\376\377\150\070\137\303\162\171\140\047}{chapter.4}% 10
\BOOKMARK [2][-]{subsection.4.2.1}{\376\377\000R\000D\000M\000A\377\010\217\334\172\013\166\364\143\245\121\205\133\130\213\277\225\356\377\011}{section.4.2}% 11
\BOOKMARK [2][-]{subsection.4.2.2}{\376\377\232\330\136\046\133\275\116\016\117\116\136\366\217\337}{section.4.2}% 12
\BOOKMARK [2][-]{subsection.4.2.3}{\376\377\123\357\227\140\117\040\217\223}{section.4.2}% 13
\BOOKMARK [1][-]{section.4.3}{\376\377\123\117\213\256\134\102\153\041}{chapter.4}% 14
\BOOKMARK [1][-]{section.4.4}{\376\377\150\070\137\303\151\202\137\365}{chapter.4}% 15
\BOOKMARK [2][-]{subsection.4.4.1}{\376\377\226\037\122\027\133\371\377\010\000Q\000u\000e\000u\000e\000\040\000P\000a\000i\000r\000,\000\040\000Q\000P\377\011}{section.4.4}% 16
\BOOKMARK [2][-]{subsection.4.4.2}{\376\377\133\214\142\020\226\037\122\027\377\010\000C\000o\000m\000p\000l\000e\000t\000i\000o\000n\000\040\000Q\000u\000e\000u\000e\000,\000\040\000C\000Q\377\011}{section.4.4}% 17
\BOOKMARK [2][-]{subsection.4.4.3}{\376\377\117\335\142\244\127\337\377\010\000P\000r\000o\000t\000e\000c\000t\000i\000o\000n\000\040\000D\000o\000m\000a\000i\000n\000,\000\040\000P\000D\377\011}{section.4.4}% 18
\BOOKMARK [2][-]{subsection.4.4.4}{\376\377\121\205\133\130\154\350\121\214\377\010\000M\000e\000m\000o\000r\000y\000\040\000R\000e\000g\000i\000s\000t\000r\000a\000t\000i\000o\000n\000,\000\040\000M\000R\377\011}{section.4.4}% 19
\BOOKMARK [2][-]{subsection.4.4.5}{\376\377\121\150\134\100\150\007\213\306\173\046\377\010\000G\000I\000D\377\011\116\016\147\054\127\060\150\007\213\306\173\046\377\010\000L\000I\000D\377\011}{section.4.4}% 20
\BOOKMARK [1][-]{section.4.5}{\376\377\170\154\116\366\176\304\116\366}{chapter.4}% 21
\BOOKMARK [2][-]{subsection.4.5.1}{\376\377\000H\000C\000A\377\010\000H\000o\000s\000t\000\040\000C\000h\000a\000n\000n\000e\000l\000\040\000A\000d\000a\000p\000t\000e\000r\377\011}{section.4.5}% 22
\BOOKMARK [2][-]{subsection.4.5.2}{\376\377\116\244\143\142\147\072}{section.4.5}% 23
\BOOKMARK [2][-]{subsection.4.5.3}{\376\377\133\120\177\121\173\241\164\006\126\150\377\010\000S\000u\000b\000n\000e\000t\000\040\000M\000a\000n\000a\000g\000e\000r\000,\000\040\000S\000M\377\011}{section.4.5}% 24
\BOOKMARK [2][-]{subsection.4.5.4}{\376\377\176\277\177\006\116\016\217\336\143\245\126\150}{section.4.5}% 25
\BOOKMARK [1][-]{section.4.6}{\376\377\116\016\116\345\131\052\177\121\000/\000R\000o\000C\000E\000\040\166\204\133\371\153\324}{chapter.4}% 26
\BOOKMARK [1][-]{section.4.7}{\376\377\000I\000n\000f\000i\000n\000i\000B\000a\000n\000d\000\040\127\050\000\040\000A\000I\000\040\213\255\176\303\116\055\166\204\136\224\165\050}{chapter.4}% 27
\BOOKMARK [1][-]{section.4.8}{\376\377\121\163\225\056\147\057\213\355\220\037\147\345}{chapter.4}% 28
\BOOKMARK [1][-]{section.4.9}{\376\377\000V\000e\000r\000b\000s\000\040\000A\000P\000I\000\040\177\026\172\013\151\202\211\310}{chapter.4}% 29
\BOOKMARK [0][-]{chapter.5}{\376\377\000H\000e\000r\000m\000e\000s\000\040\000A\000g\000e\000n\000t\000\040\166\370\121\163\167\345\213\306}{}% 30
\BOOKMARK [1][-]{section.5.1}{\376\377\000r\000s\000y\000n\000c\000\040\145\207\116\366\124\014\153\145\135\345\121\167}{chapter.5}% 31
\BOOKMARK [2][-]{subsection.5.1.1}{\376\377\136\070\165\050\220\011\230\171}{section.5.1}% 32
\BOOKMARK [2][-]{subsection.5.1.2}{\376\377\000H\000e\000r\000m\000e\000s\000\040\145\160\143\156\124\014\153\145\116\055\166\204\136\224\165\050}{section.5.1}% 33
\BOOKMARK [2][-]{subsection.5.1.3}{\376\377\116\016\000\040\000c\000p\000/\000s\000c\000p\000\040\166\204\133\371\153\324}{section.5.1}% 34
\BOOKMARK [1][-]{section.5.2}{\376\377\000L\000L\000M\000\040\133\371\213\335\123\237\164\006\377\032\116\012\116\013\145\207\116\016\000`\000`\152\041\142\337\133\371\213\335\000'\000'}{chapter.5}% 35
\BOOKMARK [2][-]{subsection.5.2.1}{\376\377\150\070\137\303\213\244\167\345}{section.5.2}% 36
\BOOKMARK [2][-]{subsection.5.2.2}{\376\377\153\317\153\041\213\367\154\102\220\375\123\321\220\001\133\214\145\164\123\206\123\362}{section.5.2}% 37
\BOOKMARK [2][-]{subsection.5.2.3}{\376\377\133\371\213\335\146\057\152\041\142\337\121\372\147\145\166\204}{section.5.2}% 38
\BOOKMARK [2][-]{subsection.5.2.4}{\376\377\000K\000V\000\040\000C\000a\000c\000h\000e\000\040\116\016\000\040\000P\000r\000o\000m\000p\000t\000\040\000C\000a\000c\000h\000i\000n\000g}{section.5.2}% 39
\BOOKMARK [2][-]{subsection.5.2.5}{\376\377\124\057\171\072}{section.5.2}% 40
\BOOKMARK [1][-]{section.5.3}{\376\377\000H\000e\000r\000m\000e\000s\000\040\000F\000e\000i\000s\000h\000u\000\040\177\121\121\163\217\336\143\245\116\016\165\050\142\067\166\175\124\015\123\125\000\040\000D\000e\000b\000u\000g\000\040\213\260\137\125}{chapter.5}% 41
\BOOKMARK [2][-]{subsection.5.3.1}{\376\377\225\356\230\230\143\317\217\360}{section.5.3}% 42
\BOOKMARK [2][-]{subsection.5.3.2}{\376\377\163\257\130\203}{section.5.3}% 43
\BOOKMARK [2][-]{subsection.5.3.3}{\376\377\145\345\137\327\163\260\214\141}{section.5.3}% 44
\BOOKMARK [2][-]{subsection.5.3.4}{\376\377\123\237\126\340\122\006\147\220}{section.5.3}% 45
\BOOKMARK [2][-]{subsection.5.3.5}{\376\377\211\343\121\263\153\145\232\244}{section.5.3}% 46
\BOOKMARK [2][-]{subsection.5.3.6}{\376\377\232\214\213\301}{section.5.3}% 47
\BOOKMARK [2][-]{subsection.5.3.7}{\376\377\121\163\225\056\145\207\116\366\215\357\137\204}{section.5.3}% 48
\BOOKMARK [2][-]{subsection.5.3.8}{\376\377\230\336\116\146\166\370\121\163\163\257\130\203\123\330\221\317}{section.5.3}% 49
\BOOKMARK [1][-]{section.5.4}{\376\377\000D\000e\000e\000p\000S\000e\000e\000k\000\040\000A\000P\000I\000\040\155\210\215\071\166\321\143\247}{chapter.5}% 50
\BOOKMARK [0][-]{chapter.6}{\376\377\116\052\116\272\145\345\213\260}{}% 51
\BOOKMARK [1][-]{section.6.1}{\376\377\0002\0000\0002\0006\136\164}{chapter.6}% 52
\BOOKMARK [2][-]{subsection.6.1.1}{\376\377\0005\147\010}{section.6.1}% 53
\BOOKMARK [0][-]{appendix.A}{\376\377\116\000\116\233\170\216\170\216\137\365}{}% 54
