\BOOKMARK [1][-]{section.1}{\376\377\121\154\123\370\145\164\117\123\133\232\117\115}{}% 1
\BOOKMARK [2][-]{subsection.1.1}{\376\377\121\154\123\370\127\372\147\054\117\341\140\157}{section.1}% 2
\BOOKMARK [2][-]{subsection.1.2}{\376\377\122\033\131\313\126\342\226\037}{section.1}% 3
\BOOKMARK [2][-]{subsection.1.3}{\376\377\207\215\215\104\116\016\000\040\000I\000P\000O\000\040\123\206\123\362}{section.1}% 4
\BOOKMARK [2][-]{subsection.1.4}{\376\377\121\154\123\370\150\070\137\303\133\232\117\115}{section.1}% 5
\BOOKMARK [2][-]{subsection.1.5}{\376\377\116\247\116\032\224\376\117\115\177\156}{section.1}% 6
\BOOKMARK [2][-]{subsection.1.6}{\376\377\150\070\137\303\151\202\137\365\211\343\221\312}{section.1}% 7
\BOOKMARK [3][-]{subsubsection.1.6.1}{\376\377\000R\000a\000c\000k\000-\000S\000c\000a\000l\000e\000\040\000A\000I}{subsection.1.6}% 8
\BOOKMARK [3][-]{subsubsection.1.6.2}{\376\377\000S\000c\000a\000l\000e\000-\000U\000p\000\040\000F\000a\000b\000r\000i\000c\000\040\000v\000s\000\040\000S\000c\000a\000l\000e\000-\000O\000u\000t\000\040\000N\000e\000t\000w\000o\000r\000k}{subsection.1.6}% 9
\BOOKMARK [3][-]{subsubsection.1.6.3}{\376\377\000P\000C\000I\000e\000\040\000F\000a\000b\000r\000i\000c\000\040\116\016\000\040\000C\000X\000L\000\040\000F\000a\000b\000r\000i\000c}{subsection.1.6}% 10
\BOOKMARK [3][-]{subsubsection.1.6.4}{\376\377\000M\000e\000m\000o\000r\000y\000\040\000S\000e\000m\000a\000n\000t\000i\000c\000\040\000I\000n\000t\000e\000r\000c\000o\000n\000n\000e\000c\000t}{subsection.1.6}% 11
\BOOKMARK [2][-]{subsection.1.7}{\376\377\000W\000h\000y\000\040\000H\000y\000p\000e\000r\000s\000c\000a\000l\000e\000r\000\040\227\000\211\201\162\354\172\313\000\040\000C\000o\000n\000n\000e\000c\000t\000i\000v\000i\000t\000y\000\040\000V\000e\000n\000d\000o\000r}{section.1}% 12
\BOOKMARK [1][-]{section.2}{\376\377\116\247\124\301\176\277\121\150\146\157}{}% 13
\BOOKMARK [2][-]{subsection.2.1}{\376\377\116\247\124\301\176\277\140\073\211\310}{section.2}% 14
\BOOKMARK [2][-]{subsection.2.2}{\376\377\116\247\124\301\116\113\225\364\166\204\142\030\165\145\121\163\174\373}{section.2}% 15
\BOOKMARK [2][-]{subsection.2.3}{\376\377\116\247\124\301\127\050\000\040\000A\000I\000\040\145\160\143\156\116\055\137\303\116\055\166\204\162\151\164\006\117\115\177\156}{section.2}% 16
\BOOKMARK [1][-]{section.3}{\376\377\000S\000c\000o\000r\000p\000i\000o\000\040\155\361\136\246\170\024\172\166}{}% 17
\BOOKMARK [2][-]{subsection.3.1}{\376\377\000S\000c\000o\000r\000p\000i\000o\000\040\146\057\116\300\116\110}{section.3}% 18
\BOOKMARK [2][-]{subsection.3.2}{\376\377\142\200\147\057\147\266\147\204}{section.3}% 19
\BOOKMARK [2][-]{subsection.3.3}{\376\377\116\072\116\300\116\110\000\040\000A\000I\000\040\000G\000P\000U\000\040\226\306\177\244\227\000\211\201\000\040\000S\000c\000o\000r\000p\000i\000o}{section.3}% 20
\BOOKMARK [2][-]{subsection.3.4}{\376\377\000S\000c\000o\000r\000p\000i\000o\000\040\000v\000s\000\040\000N\000V\000S\000w\000i\000t\000c\000h\000\040\155\361\136\246\133\371\153\324}{section.3}% 21
\BOOKMARK [2][-]{subsection.3.5}{\376\377\000S\000c\000o\000r\000p\000i\000o\000\040\000v\000s\000\040\000B\000r\000o\000a\000d\000c\000o\000m\000\040\000P\000C\000I\000e\000\040\000S\000w\000i\000t\000c\000h}{section.3}% 22
\BOOKMARK [2][-]{subsection.3.6}{\376\377\000S\000c\000o\000r\000p\000i\000o\000\040\166\204\142\244\127\316\154\263\116\016\167\037\133\236\116\367\120\074}{section.3}% 23
\BOOKMARK [1][-]{section.4}{\376\377\000A\000r\000i\000e\000s\000\040\155\361\136\246\170\024\172\166}{}% 24
\BOOKMARK [2][-]{subsection.4.1}{\376\377\116\300\116\110\146\057\000\040\000R\000e\000t\000i\000m\000e\000r}{section.4}% 25
\BOOKMARK [3][-]{subsubsection.4.1.1}{\376\377\000R\000e\000d\000r\000i\000v\000e\000r\000\040\000v\000s\000\040\000R\000e\000t\000i\000m\000e\000r\000\040\000v\000s\000\040\000D\000S\000P\000\040\000R\000e\000t\000i\000m\000e\000r}{subsection.4.1}% 26
\BOOKMARK [2][-]{subsection.4.2}{\376\377\116\072\116\300\116\110\000\040\000A\000I\000\040\000S\000e\000r\000v\000e\000r\000\040\146\364\227\000\211\201\000\040\000R\000e\000t\000i\000m\000e\000r}{section.4}% 27
\BOOKMARK [2][-]{subsection.4.3}{\376\377\000A\000r\000i\000e\000s\000\040\116\247\124\301\176\277\176\306\122\006}{section.4}% 28
\BOOKMARK [3][-]{subsubsection.4.3.1}{\376\377\000A\000r\000i\000e\000s\000\040\000S\000m\000a\000r\000t\000\040\000D\000S\000P\000\040\000R\000e\000t\000i\000m\000e\000r}{subsection.4.3}% 29
\BOOKMARK [3][-]{subsubsection.4.3.2}{\376\377\000A\000r\000i\000e\000s\000\040\000S\000m\000a\000r\000t\000\040\000C\000a\000b\000l\000e\000\040\000M\000o\000d\000u\000l\000e}{subsection.4.3}% 30
\BOOKMARK [3][-]{subsubsection.4.3.3}{\376\377\000A\000r\000i\000e\000s\000\040\000S\000m\000a\000r\000t\000\040\000G\000e\000a\000r\000b\000o\000x}{subsection.4.3}% 31
\BOOKMARK [2][-]{subsection.4.4}{\376\377\122\237\200\027\000/\136\366\217\337\000/\000S\000I\000\040\000T\000r\000a\000d\000e\000-\000o\000f\000f}{section.4}% 32
\BOOKMARK [2][-]{subsection.4.5}{\376\377\172\336\116\211\133\371\153\324}{section.4}% 33
\BOOKMARK [2][-]{subsection.4.6}{\376\377\142\200\147\057\117\030\122\277\213\304\117\060}{section.4}% 34
\BOOKMARK [1][-]{section.5}{\376\377\000L\000e\000o\000\040\116\016\000\040\000C\000X\000L}{}% 35
\BOOKMARK [2][-]{subsection.5.1}{\376\377\116\300\116\110\146\057\000\040\000C\000X\000L}{section.5}% 36
\BOOKMARK [2][-]{subsection.5.2}{\376\377\000M\000e\000m\000o\000r\000y\000\040\000W\000a\000l\000l}{section.5}% 37
\BOOKMARK [2][-]{subsection.5.3}{\376\377\000M\000e\000m\000o\000r\000y\000\040\000E\000x\000p\000a\000n\000s\000i\000o\000n\000\040\000v\000s\000\040\000P\000o\000o\000l\000i\000n\000g\000\040\000v\000s\000\040\000S\000h\000a\000r\000i\000n\000g}{section.5}% 38
\BOOKMARK [2][-]{subsection.5.4}{\376\377\000L\000e\000o\000\040\000C\000X\000L\000\040\000M\000e\000m\000o\000r\000y\000\040\000C\000o\000n\000t\000r\000o\000l\000l\000e\000r}{section.5}% 39
\BOOKMARK [2][-]{subsection.5.5}{\376\377\000C\000X\000L\000\040\137\123\122\115\167\037\133\236\166\204\204\075\127\060\140\305\121\265}{section.5}% 40
\BOOKMARK [1][-]{section.6}{\376\377\000C\000O\000S\000M\000O\000S\000\040\217\157\116\366\136\163\123\360}{}% 41
\BOOKMARK [2][-]{subsection.6.1}{\376\377\000C\000O\000S\000M\000O\000S\000\040\146\057\116\300\116\110}{section.6}% 42
\BOOKMARK [2][-]{subsection.6.2}{\376\377\000C\000O\000S\000M\000O\000S\000\040\166\204\116\011\116\052\122\237\200\375\145\057\147\361}{section.6}% 43
\BOOKMARK [3][-]{subsubsection.6.2.1}{\376\377\000L\000i\000n\000k\000\040\000M\000a\000n\000a\000g\000e\000m\000e\000n\000t}{subsection.6.2}% 44
\BOOKMARK [3][-]{subsubsection.6.2.2}{\376\377\000F\000l\000e\000e\000t\000\040\000M\000a\000n\000a\000g\000e\000m\000e\000n\000t}{subsection.6.2}% 45
\BOOKMARK [3][-]{subsubsection.6.2.3}{\376\377\000R\000A\000S\000\040\000M\000a\000n\000a\000g\000e\000m\000e\000n\000t}{subsection.6.2}% 46
\BOOKMARK [2][-]{subsection.6.3}{\376\377\116\072\116\300\116\110\000\040\000C\000o\000n\000n\000e\000c\000t\000i\000v\000i\000t\000y\000\040\000C\000h\000i\000p\000\040\121\154\123\370\227\000\211\201\217\157\116\366\136\163\123\360}{section.6}% 47
\BOOKMARK [2][-]{subsection.6.4}{\376\377\000C\000O\000S\000M\000O\000S\000\040\000v\000s\000\040\000N\000V\000I\000D\000I\000A\000\040\000F\000a\000b\000r\000i\000c\000\040\000M\000a\000n\000a\000g\000e\000r}{section.6}% 48
\BOOKMARK [2][-]{subsection.6.5}{\376\377\217\157\116\366\146\057\124\046\117\032\142\020\116\072\000\040\000A\000s\000t\000e\000r\000a\000\040\000L\000a\000b\000s\000\040\166\204\142\244\127\316\154\263}{section.6}% 49
\BOOKMARK [1][-]{section.7}{\376\377\142\200\147\057\130\301\127\222\122\006\147\220}{}% 50
\BOOKMARK [2][-]{subsection.7.1}{\376\377\142\244\127\316\154\263\121\150\146\157\213\304\117\060}{section.7}% 51
\BOOKMARK [2][-]{subsection.7.2}{\376\377\167\037\133\236\130\301\127\222\213\346\211\343}{section.7}% 52
\BOOKMARK [3][-]{subsubsection.7.2.1}{\376\377\232\330\220\037\000\040\000S\000e\000r\000D\000e\000s\377\010\147\000\167\037\133\236\060\001\147\000\155\361\166\204\142\200\147\057\130\301\127\222\377\011}{subsection.7.2}% 53
\BOOKMARK [3][-]{subsubsection.7.2.2}{\376\377\000H\000y\000p\000e\000r\000s\000c\000a\000l\000e\000r\000\040\000Q\000u\000a\000l\000i\000f\000i\000c\000a\000t\000i\000o\000n\377\010\145\366\225\364\130\301\127\222\377\011}{subsection.7.2}% 54
\BOOKMARK [3][-]{subsubsection.7.2.3}{\376\377\000P\000C\000I\000e\000/\000C\000X\000L\000\040\000I\000n\000t\000e\000r\000o\000p\000\040\232\214\213\301\377\010\165\037\140\001\130\301\127\222\377\011}{subsection.7.2}% 55
\BOOKMARK [3][-]{subsubsection.7.2.4}{\376\377\000C\000O\000S\000M\000O\000S\377\010\217\157\116\366\130\301\127\222\377\014\116\055\173\111\117\106\201\006\137\061\377\011}{subsection.7.2}% 56
\BOOKMARK [2][-]{subsection.7.3}{\376\377\124\352\116\233\130\301\127\222\123\357\200\375\210\253\117\265\206\200}{section.7}% 57
\BOOKMARK [1][-]{section.8}{\376\377\172\336\116\211\150\074\134\100}{}% 58
\BOOKMARK [2][-]{subsection.8.1}{\376\377\121\150\227\142\172\336\116\211\167\351\226\065}{section.8}% 59
\BOOKMARK [2][-]{subsection.8.2}{\376\377\122\006\134\102\172\336\116\211\122\006\147\220}{section.8}% 60
\BOOKMARK [3][-]{subsubsection.8.2.1}{\376\377\000D\000i\000r\000e\000c\000t\000\040\000C\000o\000m\000p\000e\000t\000i\000t\000o\000r\000s}{subsection.8.2}% 61
\BOOKMARK [3][-]{subsubsection.8.2.2}{\376\377\220\350\122\006\172\336\116\211}{subsection.8.2}% 62
\BOOKMARK [3][-]{subsubsection.8.2.3}{\376\377\165\037\140\001\117\031\117\064\377\010\227\136\172\336\116\211\377\011}{subsection.8.2}% 63
\BOOKMARK [2][-]{subsection.8.3}{\376\377\000`\000`\000S\000w\000i\000t\000z\000e\000r\000l\000a\000n\000d\000\040\000o\000f\000\040\000C\000o\000n\000n\000e\000c\000t\000i\000v\000i\000t\000y\000'\000'\000\040\133\232\117\115\122\006\147\220}{section.8}% 64
\BOOKMARK [2][-]{subsection.8.4}{\376\377\000W\000h\000y\000\040\000H\000y\000p\000e\000r\000s\000c\000a\000l\000e\000r\000\040\116\015\141\077\133\214\121\150\176\321\133\232\000\040\000N\000V\000I\000D\000I\000A}{section.8}% 65
\BOOKMARK [1][-]{section.9}{\376\377\215\042\122\241\116\016\125\106\116\032\122\006\147\220}{}% 66
\BOOKMARK [2][-]{subsection.9.1}{\376\377\145\066\121\145\116\016\130\236\225\177}{section.9}% 67
\BOOKMARK [2][-]{subsection.9.2}{\376\377\122\051\155\246\163\207\122\006\147\220}{section.9}% 68
\BOOKMARK [2][-]{subsection.9.3}{\376\377\133\242\142\067\226\306\116\055\136\246}{section.9}% 69
\BOOKMARK [2][-]{subsection.9.4}{\376\377\000T\000A\000M\000\040\116\016\130\236\225\177\232\161\122\250}{section.9}% 70
\BOOKMARK [2][-]{subsection.9.5}{\376\377\230\316\226\151\213\304\117\060}{section.9}% 71
\BOOKMARK [2][-]{subsection.9.6}{\376\377\117\060\120\074\116\016\136\002\127\072\211\302\160\271}{section.9}% 72
\BOOKMARK [1][-]{section.10}{\376\377\147\000\176\310\140\073\176\323}{}% 73
\BOOKMARK [2][-]{subsection.10.1}{\376\377\123\101\131\047\176\364\136\246\176\374\124\010\213\304\117\060}{section.10}% 74
\BOOKMARK [2][-]{subsection.10.2}{\376\377\000A\000s\000t\000e\000r\000a\000\040\000L\000a\000b\000s\000\040\166\204\147\054\215\050}{section.10}% 75
\BOOKMARK [2][-]{subsection.10.3}{\376\377\142\225\215\104\116\272\211\306\211\322\166\204\116\011\171\315\000\040\000S\000c\000e\000n\000a\000r\000i\000o}{section.10}% 76
\BOOKMARK [2][-]{subsection.10.4}{\376\377\147\000\176\310\122\044\145\255}{section.10}% 77
\BOOKMARK [1][-]{section.11}{\376\377\123\302\200\003\145\207\163\056}{}% 78
\BOOKMARK [2][-]{section*.33}{\376\377\000T\0001\000\040\040\024\000\040\133\230\145\271\123\357\232\214\213\301\145\207\150\143}{section.11}% 79
\BOOKMARK [2][-]{section*.35}{\376\377\000T\0002\000\040\040\024\000\040\133\230\145\271\130\360\146\016\116\016\116\247\124\301\215\104\145\231}{section.11}% 80
\BOOKMARK [2][-]{section*.37}{\376\377\000T\0003\000\040\040\024\000\040\173\054\116\011\145\271\147\103\132\001\122\006\147\220}{section.11}% 81
\BOOKMARK [2][-]{section*.39}{\376\377\000T\0004\000\040\040\024\000\040\210\114\116\032\132\222\117\123\116\016\122\006\147\220}{section.11}% 82
\BOOKMARK [2][-]{section*.41}{\376\377\172\336\124\301\123\302\200\003\147\145\156\220}{section.11}% 83
\BOOKMARK [2][-]{section*.43}{\376\377\147\052\232\214\213\301\000/\137\205\210\145\121\105\147\145\156\220}{section.11}% 84
\BOOKMARK [1][-]{section*.45}{\376\377\226\104\137\125\000A\377\032\170\024\172\166\145\271\154\325\213\272\116\016\226\120\122\066}{}% 85
