\BOOKMARK [1][-]{section.1}{\376\377\122\006\147\220\150\106\147\266}{}% 1
\BOOKMARK [2][-]{subsection.1.1}{\376\377\121\154\123\370\150\070\137\303\200\375\122\233\165\073\120\317}{section.1}% 2
\BOOKMARK [2][-]{subsection.1.2}{\376\377\213\304\117\060\176\364\136\246}{section.1}% 3
\BOOKMARK [2][-]{subsection.1.3}{\376\377\116\222\200\124\202\257\162\107\136\002\127\072\121\150\146\157}{section.1}% 4
\BOOKMARK [1][-]{section.2}{\376\377\120\031\220\011\116\247\124\301\145\271\124\021\220\020\230\171\122\006\147\220}{}% 5
\BOOKMARK [2][-]{subsection.2.1}{\376\377\145\271\124\021\000\040\0001\377\032\000P\000C\000I\000e\000\040\0006\000/\0007\000\040\000R\000e\000t\000i\000m\000e\000r\377\010\000D\000S\000P\000\040\000R\000e\000t\000i\000m\000e\000r\377\011}{section.2}% 6
\BOOKMARK [3][-]{subsubsection.2.1.1}{\376\377\116\247\124\301\133\232\116\111}{subsection.2.1}% 7
\BOOKMARK [3][-]{subsubsection.2.1.2}{\376\377\116\072\116\300\116\110\123\071\221\115\000\040\000A\000D\000C\000/\000D\000A\000C\000\040\200\375\122\233}{subsection.2.1}% 8
\BOOKMARK [3][-]{subsubsection.2.1.3}{\376\377\172\336\116\211\150\074\134\100}{subsection.2.1}% 9
\BOOKMARK [3][-]{subsubsection.2.1.4}{\376\377\121\163\225\056\142\020\122\237\126\340\175\040}{subsection.2.1}% 10
\BOOKMARK [3][-]{subsubsection.2.1.5}{\376\377\213\304\117\060}{subsection.2.1}% 11
\BOOKMARK [2][-]{subsection.2.2}{\376\377\145\271\124\021\000\040\0002\377\032\147\011\156\220\165\065\177\006\152\041\127\127\000\040\000\050\000A\000E\000C\000\040\000/\000\040\000S\000m\000a\000r\000t\000\040\000C\000a\000b\000l\000e\000\040\000M\000o\000d\000u\000l\000e\000\051}{section.2}% 12
\BOOKMARK [3][-]{subsubsection.2.2.1}{\376\377\116\247\124\301\133\232\116\111}{subsection.2.2}% 13
\BOOKMARK [3][-]{subsubsection.2.2.2}{\376\377\116\072\116\300\116\110\120\074\137\227\200\003\206\121}{subsection.2.2}% 14
\BOOKMARK [3][-]{subsubsection.2.2.3}{\376\377\213\304\117\060}{subsection.2.2}% 15
\BOOKMARK [2][-]{subsection.2.3}{\376\377\145\271\124\021\000\040\0003\377\032\232\330\220\037\000\040\000S\000e\000r\000D\000e\000s\000\040\000I\000P\000\040\143\210\147\103}{section.2}% 16
\BOOKMARK [3][-]{subsubsection.2.3.1}{\376\377\116\247\124\301\133\232\116\111}{subsection.2.3}% 17
\BOOKMARK [3][-]{subsubsection.2.3.2}{\376\377\116\072\116\300\116\110\217\331\146\057\232\330\116\367\120\074\215\357\137\204}{subsection.2.3}% 18
\BOOKMARK [3][-]{subsubsection.2.3.3}{\376\377\213\304\117\060}{subsection.2.3}% 19
\BOOKMARK [2][-]{subsection.2.4}{\376\377\145\271\124\021\000\040\0004\377\032\176\277\140\047\232\161\122\250\121\111\133\146\000\040\000\050\000L\000P\000O\000\051\000\040\000/\000\040\121\111\116\222\217\336\152\041\142\337\122\115\172\357}{section.2}% 20
\BOOKMARK [3][-]{subsubsection.2.4.1}{\376\377\116\247\124\301\133\232\116\111}{subsection.2.4}% 21
\BOOKMARK [3][-]{subsubsection.2.4.2}{\376\377\116\072\116\300\116\110\217\331\146\057\147\052\147\145\166\204\142\030\165\145\145\271\124\021}{subsection.2.4}% 22
\BOOKMARK [3][-]{subsubsection.2.4.3}{\376\377\142\200\147\057\143\021\142\030}{subsection.2.4}% 23
\BOOKMARK [3][-]{subsubsection.2.4.4}{\376\377\213\304\117\060}{subsection.2.4}% 24
\BOOKMARK [2][-]{subsection.2.5}{\376\377\145\271\124\021\000\040\0005\377\032\000P\000C\000I\000e\000\040\000G\000e\000a\000r\000b\000o\000x\377\010\116\343\226\105\150\145\143\245\377\011}{section.2}% 25
\BOOKMARK [3][-]{subsubsection.2.5.1}{\376\377\116\247\124\301\133\232\116\111}{subsection.2.5}% 26
\BOOKMARK [3][-]{subsubsection.2.5.2}{\376\377\213\304\117\060}{subsection.2.5}% 27
\BOOKMARK [2][-]{subsection.2.6}{\376\377\145\271\124\021\000\040\0006\377\032\000C\000X\000L\000\040\121\205\133\130\177\023\121\262\000/\143\247\122\066\126\150}{section.2}% 28
\BOOKMARK [3][-]{subsubsection.2.6.1}{\376\377\213\304\117\060\213\364\146\016}{subsection.2.6}% 29
\BOOKMARK [2][-]{subsection.2.7}{\376\377\145\271\124\021\000\040\0007\377\032\000P\000C\000I\000e\000\040\000/\000\040\000F\000a\000b\000r\000i\000c\000\040\000S\000w\000i\000t\000c\000h}{section.2}% 30
\BOOKMARK [3][-]{subsubsection.2.7.1}{\376\377\116\015\143\250\203\120\164\006\165\061}{subsection.2.7}% 31
\BOOKMARK [2][-]{subsection.2.8}{\376\377\145\271\124\021\000\040\0008\377\032\000C\000h\000i\000p\000l\000e\000t\000\040\116\222\217\336\000\040\000P\000H\000Y\377\010\000U\000C\000I\000e\000\040\000/\000\040\000B\000o\000W\377\011}{section.2}% 32
\BOOKMARK [3][-]{subsubsection.2.8.1}{\376\377\116\247\124\301\133\232\116\111}{subsection.2.8}% 33
\BOOKMARK [3][-]{subsubsection.2.8.2}{\376\377\116\072\116\300\116\110\120\074\137\227\121\163\154\350}{subsection.2.8}% 34
\BOOKMARK [3][-]{subsubsection.2.8.3}{\376\377\213\304\117\060}{subsection.2.8}% 35
\BOOKMARK [1][-]{section.3}{\376\377\176\374\124\010\213\304\117\060\116\016\143\250\203\120}{}% 36
\BOOKMARK [2][-]{subsection.3.1}{\376\377\116\247\124\301\145\271\124\021\213\304\122\006\154\107\140\073}{section.3}% 37
\BOOKMARK [2][-]{subsection.3.2}{\376\377\000`\000`\200\375\122\233\040\023\136\002\127\072\000'\000'\123\071\221\115\126\376}{section.3}% 38
\BOOKMARK [2][-]{subsection.3.3}{\376\377\122\006\226\066\153\265\116\247\124\301\173\126\165\145}{section.3}% 39
\BOOKMARK [2][-]{subsection.3.4}{\376\377\116\072\116\300\116\110\116\015\143\250\203\120\166\364\143\245\120\132\000\040\000S\000w\000i\000t\000c\000h\000\040\142\026\000\040\000C\000X\000L\000\040\143\247\122\066\126\150}{section.3}% 40
\BOOKMARK [2][-]{subsection.3.5}{\376\377\000R\000e\000t\000i\000m\000e\000r\000\040\116\247\124\301\166\204\121\167\117\123\142\200\147\057\133\232\117\115\136\372\213\256}{section.3}% 41
\BOOKMARK [3][-]{subsubsection.3.5.1}{\376\377\135\356\137\002\123\026\145\271\124\021}{subsection.3.5}% 42
\BOOKMARK [3][-]{subsubsection.3.5.2}{\376\377\166\356\150\007\133\242\142\067\173\126\165\145}{subsection.3.5}% 43
\BOOKMARK [2][-]{subsection.3.6}{\376\377\125\106\116\032\152\041\137\017\220\011\142\351}{section.3}% 44
\BOOKMARK [2][-]{subsection.3.7}{\376\377\230\316\226\151\116\016\136\224\133\371}{section.3}% 45
\BOOKMARK [2][-]{subsection.3.8}{\376\377\147\000\176\310\176\323\213\272}{section.3}% 46
